[dotenv@17.3.1] injecting env (5) from .env -- tip: ÔÜÖ´©Å  write to custom object with { processEnv: myObject }
[dotenv@17.3.1] injecting env (0) from .env -- tip: ÔÜí´©Å secrets for agents: https://dotenvx.com/as2
Ô£à Connected to MSSQL macha....
--- SettlementHeader (Top 10) ---
